
> ecommerce@0.0.0 build
> cross-env NODE_OPTIONS=--openssl-legacy-provider ng build

- Generating browser application bundles...
(node:26692) [DEP0060] DeprecationWarning: The `util._extend` API is deprecated. Please use Object.assign() instead.
(Use `node --trace-deprecation ...` to show where the warning was created)
postcss-resolve-url: postcss.plugin was deprecated. Migration guide:
https://evilmartians.com/chronicles/postcss-8-plugin-migration
postcss-resolve-url: postcss.plugin was deprecated. Migration guide:
https://evilmartians.com/chronicles/postcss-8-plugin-migration
postcss-resolve-url: postcss.plugin was deprecated. Migration guide:
https://evilmartians.com/chronicles/postcss-8-plugin-migration
postcss-resolve-url: postcss.plugin was deprecated. Migration guide:
https://evilmartians.com/chronicles/postcss-8-plugin-migration
postcss-resolve-url: postcss.plugin was deprecated. Migration guide:
https://evilmartians.com/chronicles/postcss-8-plugin-migration
postcss-resolve-url: postcss.plugin was deprecated. Migration guide:
https://evilmartians.com/chronicles/postcss-8-plugin-migration
postcss-resolve-url: postcss.plugin was deprecated. Migration guide:
https://evilmartians.com/chronicles/postcss-8-plugin-migration
Γ£ö Browser application bundle generation complete.
- Copying assets...
Γ£ö Copying assets complete.
- Generating index html...
Γ£ö Index html generation complete.

Initial Chunk Files | Names         |      Size
vendor.js           | vendor        |   2.65 MB
main.js             | main          | 129.46 kB
polyfills.js        | polyfills     | 125.89 kB
runtime.js          | runtime       |   6.15 kB
styles.css          | styles        |   2.43 kB

| Initial Total |   2.91 MB

Build at: 2026-03-23T06:22:44.838Z - Hash: 7d0fdbdbd2ec9e4e87de - Time: 10792ms
